// Jest Snapshot v1, https://goo.gl/fbAQLP

exports[`App empty 1`] = `
<div
  class="StyledGrommet-sc-19lkkz7-0 eQnWDD"
>
  <div
    class="StyledGrid-sc-1wofa1l-0 jcSuPZ"
  >
    <div
      class="StyledBox-sc-13pk1d4-0 lfoPXs"
    >
      <div
        class="StyledBox-sc-13pk1d4-0 hccTBB"
      >
        <span
          class="StyledText-sc-1sadyjn-0 bnqisW"
        >
          my theme
        </span>
        <button
          class="StyledButton-sc-323bzc-0 gWpUxR"
          title="edit theme"
          type="button"
        >
          <svg
            aria-label="Edit"
            class="StyledIcon-ofa7kd-0 jAaLrm"
            viewBox="0 0 24 24"
          >
            <path
              d="M14,4 L20,10 L14,4 Z M22.2942268,5.29422684 C22.6840146,5.68401459 22.6812861,6.3187139 22.2864907,6.71350932 L9,20 L2,22 L4,15 L17.2864907,1.71350932 C17.680551,1.319449 18.3127724,1.31277239 18.7057732,1.70577316 L22.2942268,5.29422684 Z M3,19 L5,21 M7,17 L15,9"
              fill="none"
              stroke="#000"
              stroke-width="2"
            />
          </svg>
        </button>
      </div>
      <div
        class="StyledBox-sc-13pk1d4-0 gmAZBs"
      >
        <div
          class="StyledBox-sc-13pk1d4-0 koruWX"
        >
          <label
            class="StyledRadioButton__StyledRadioButtonContainer-g1f6ld-0 TAEZC"
            for="light"
          >
            <div
              class="StyledBox-sc-13pk1d4-0 dswBHP StyledRadioButton-g1f6ld-4 gVogic"
            >
              <input
                checked=""
                class="StyledRadioButton__StyledRadioButtonInput-g1f6ld-1 hXzvWT"
                id="light"
                name="themeMode"
                type="radio"
                value="light"
              />
              <div
                class="StyledBox-sc-13pk1d4-0 kPVwzH StyledRadioButton__StyledRadioButtonBox-g1f6ld-3 lnEyXE"
              >
                <svg
                  class="StyledRadioButton__StyledRadioButtonIcon-g1f6ld-2 ikgbXi"
                  preserveAspectRatio="xMidYMid meet"
                  viewBox="0 0 24 24"
                >
                  <circle
                    cx="12"
                    cy="12"
                    r="6"
                  />
                </svg>
              </div>
            </div>
            <span>
              light
            </span>
          </label>
          <div
            class="StyledBox__StyledBoxGap-sc-13pk1d4-1 hPsznL"
          />
          <label
            class="StyledRadioButton__StyledRadioButtonContainer-g1f6ld-0 TAEZC"
            for="dark"
          >
            <div
              class="StyledBox-sc-13pk1d4-0 dswBHP StyledRadioButton-g1f6ld-4 gVogic"
            >
              <input
                class="StyledRadioButton__StyledRadioButtonInput-g1f6ld-1 hXzvWT"
                id="dark"
                name="themeMode"
                type="radio"
                value="dark"
              />
              <div
                class="StyledBox-sc-13pk1d4-0 cvKyda StyledRadioButton__StyledRadioButtonBox-g1f6ld-3 lnEyXE"
              />
            </div>
            <span>
              dark
            </span>
          </label>
        </div>
      </div>
      <div
        class="StyledBox-sc-13pk1d4-0 bmeXHp"
      >
        <div
          class="StyledBox-sc-13pk1d4-0 gmAZBs"
        >
          <h3
            class="StyledHeading-sc-1rdh4aw-0 iUCcAQ"
          >
            Examples
          </h3>
        </div>
        <div
          class="StyledBox-sc-13pk1d4-0 iVrFIV"
          tabindex="0"
        >
          Dashboard
        </div>
        <div
          class="StyledBox-sc-13pk1d4-0 iVrFIV"
          tabindex="0"
        >
          List
        </div>
        <div
          class="StyledBox-sc-13pk1d4-0 iVrFIV"
          tabindex="0"
        >
          Form
        </div>
        <div
          class="StyledBox-sc-13pk1d4-0 iVrFIV"
          tabindex="0"
        >
          Accessibility
        </div>
      </div>
    </div>
    <div
      class="StyledBox-sc-13pk1d4-0 koruWX"
    />
    <div
      class="StyledBox-sc-13pk1d4-0 dxAOke"
    >
      <div
        class="StyledBox-sc-13pk1d4-0 eCBRSq"
      >
        <div
          class="StyledBox-sc-13pk1d4-0 eSuxVG"
        >
          <button
            class="StyledButton-sc-323bzc-0 gWpUxR"
            title="choose another theme"
            type="button"
          >
            <svg
              aria-label="Apps"
              class="StyledIcon-ofa7kd-0 jAaLrm"
              viewBox="0 0 24 24"
            >
              <path
                d="M19,5 L21,5 L21,3 L19,3 L19,5 Z M11,5 L13,5 L13,3 L11,3 L11,5 Z M3,5 L5,5 L5,3 L3,3 L3,5 Z M19,13 L21,13 L21,11 L19,11 L19,13 Z M11,13 L13,13 L13,11 L11,11 L11,13 Z M3,13 L5,13 L5,11 L3,11 L3,13 Z M19,21 L21,21 L21,19 L19,19 L19,21 Z M11,21 L13,21 L13,19 L11,19 L11,21 Z M3,21 L5,21 L5,19 L3,19 L3,21 Z"
                fill="none"
                stroke="#000"
                stroke-width="2"
              />
            </svg>
          </button>
          <div
            class="StyledBox__StyledBoxGap-sc-13pk1d4-1 iChEkS"
          />
          <button
            class="StyledButton-sc-323bzc-0 gWpUxR"
            title="see JSON"
            type="button"
          >
            <svg
              aria-label="Code"
              class="StyledIcon-ofa7kd-0 jAaLrm"
              viewBox="0 0 24 24"
            >
              <path
                d="M9,22 L15,2 M17,17 L22,12 L17,7 M7,17 L2,12 L7,7"
                fill="none"
                stroke="#000"
                stroke-width="2"
              />
            </svg>
          </button>
          <div
            class="StyledBox__StyledBoxGap-sc-13pk1d4-1 iChEkS"
          />
          <button
            class="StyledButton-sc-323bzc-0 gWpUxR"
            title="share"
            type="button"
          >
            <svg
              aria-label="Share"
              class="StyledIcon-ofa7kd-0 jAaLrm"
              viewBox="0 0 24 24"
            >
              <path
                d="M19,13 L19,23 L1,23 L1,5 L1,5 L11,5 M14,1 L23,1 L23,10 M10,14 L22.9999998,1 L10,14 Z"
                fill="none"
                stroke="#000"
                stroke-width="2"
              />
            </svg>
          </button>
        </div>
        <div
          class="StyledBox-sc-13pk1d4-0 eRLSix"
        >
          <div
            class="StyledBox-sc-13pk1d4-0 lftshs"
          >
            <div
              class="StyledBox-sc-13pk1d4-0 hydBDu"
            >
              <div
                class="StyledBox-sc-13pk1d4-0 hYTtSi"
              >
                <label
                  class="StyledText-sc-1sadyjn-0 fWSbXS"
                  for="name"
                >
                  name
                </label>
              </div>
              <div
                class="StyledBox-sc-13pk1d4-0 bhtaEx"
              >
                <div
                  class="StyledTextInput__StyledTextInputContainer-sc-1x30a0s-1 kYQCpm"
                >
                  <input
                    autocomplete="off"
                    class="StyledTextInput-sc-1x30a0s-0 dGSWSk"
                    name="name"
                    style="text-align: right;"
                    value="my theme"
                  />
                </div>
              </div>
            </div>
          </div>
          <div
            class="StyledBox-sc-13pk1d4-0 lftshs"
          >
            <div
              class="StyledBox-sc-13pk1d4-0 hydBDu"
            >
              <div
                class="StyledBox-sc-13pk1d4-0 hYTtSi"
              >
                <label
                  class="StyledText-sc-1sadyjn-0 fWSbXS"
                  for="rounding"
                >
                  rounding
                </label>
              </div>
              <div
                class="StyledBox-sc-13pk1d4-0 bhtaEx"
              >
                <div
                  class="StyledBox-sc-13pk1d4-0 eQTSO"
                >
                  <input
                    class="StyledRangeInput-sc-15st9ck-0 kkvlyt"
                    id="rounding"
                    max="24"
                    min="0"
                    name="rounding"
                    step="2"
                    style="text-align: end;"
                    type="range"
                    value="4"
                  />
                  <div
                    class="StyledBox-sc-13pk1d4-0 cuOBGV"
                  >
                    <div
                      class="StyledMaskedInput__StyledMaskedInputContainer-sc-99vkfa-1 kyyRCm"
                    >
                      <input
                        autocomplete="off"
                        class="StyledMaskedInput-sc-99vkfa-0 gDyGQY"
                        placeholder=""
                        style="text-align: right; width: 48px;"
                        value="4"
                      />
                    </div>
                    <span
                      class="StyledText-sc-1sadyjn-0 fWSbXS"
                    >
                      px
                    </span>
                  </div>
                </div>
              </div>
            </div>
          </div>
          <div
            class="StyledBox-sc-13pk1d4-0 lftshs"
          >
            <div
              class="StyledBox-sc-13pk1d4-0 hydBDu"
            >
              <div
                class="StyledBox-sc-13pk1d4-0 hYTtSi"
              >
                <label
                  class="StyledText-sc-1sadyjn-0 fWSbXS"
                  for="spacing"
                >
                  spacing
                </label>
              </div>
              <div
                class="StyledBox-sc-13pk1d4-0 bhtaEx"
              >
                <div
                  class="StyledBox-sc-13pk1d4-0 eQTSO"
                >
                  <input
                    class="StyledRangeInput-sc-15st9ck-0 kkvlyt"
                    id="spacing"
                    max="36"
                    min="12"
                    name="spacing"
                    step="4"
                    style="text-align: end;"
                    type="range"
                    value="24"
                  />
                  <div
                    class="StyledBox-sc-13pk1d4-0 cuOBGV"
                  >
                    <div
                      class="StyledMaskedInput__StyledMaskedInputContainer-sc-99vkfa-1 kyyRCm"
                    >
                      <input
                        autocomplete="off"
                        class="StyledMaskedInput-sc-99vkfa-0 gDyGQY"
                        placeholder=""
                        style="text-align: right; width: 48px;"
                        value="24"
                      />
                    </div>
                    <span
                      class="StyledText-sc-1sadyjn-0 fWSbXS"
                    >
                      px
                    </span>
                  </div>
                </div>
              </div>
            </div>
          </div>
          <button
            aria-label="Open Drop"
            class="StyledButton-sc-323bzc-0 fjkrqk"
            type="button"
          >
            <div
              class="StyledBox-sc-13pk1d4-0 eSDDjd"
            >
              <span
                class="StyledText-sc-1sadyjn-0 fWSbXS"
              >
                font
              </span>
              <div
                class="StyledBox__StyledBoxGap-sc-13pk1d4-1 iChEkS"
              />
              <span
                class="StyledText-sc-1sadyjn-0 bnqisW"
              >
                Helvetica
              </span>
            </div>
          </button>
          <div
            class="StyledBox-sc-13pk1d4-0 koruWX"
          >
            <div
              class="StyledBox-sc-13pk1d4-0 cgIQlF"
            >
              <h3
                class="StyledHeading-sc-1rdh4aw-0 jfwNuu"
              >
                Colors
              </h3>
              <div
                class="StyledBox__StyledBoxGap-sc-13pk1d4-1 hyyRSo"
              />
              <button
                class="StyledButton-sc-323bzc-0 gWpUxR"
                type="button"
              >
                <svg
                  aria-label="Add"
                  class="StyledIcon-ofa7kd-0 jAaLrm"
                  viewBox="0 0 24 24"
                >
                  <path
                    d="M12,22 L12,2 M2,12 L22,12"
                    fill="none"
                    stroke="#000"
                    stroke-width="2"
                  />
                </svg>
              </button>
            </div>
            <button
              aria-label="Open Drop"
              class="StyledButton-sc-323bzc-0 fjkrqk"
              type="button"
            >
              <div
                class="StyledBox-sc-13pk1d4-0 bOjGXh"
              >
                <span
                  class="StyledText-sc-1sadyjn-0 fWSbXS"
                >
                  background
                </span>
                <div
                  class="StyledBox__StyledBoxGap-sc-13pk1d4-1 iChEkS"
                />
                <div
                  class="StyledGrommet-sc-19lkkz7-0 dEWEjp"
                >
                  <div
                    class="StyledBox-sc-13pk1d4-0 jmYunQ"
                  >
                    <div
                      class="StyledBox-sc-13pk1d4-0 jYPRAo"
                    />
                    <div
                      class="StyledBox-sc-13pk1d4-0 jYPRAo"
                    />
                    <div
                      class="StyledBox-sc-13pk1d4-0 jxRSLL"
                    />
                    <div
                      class="StyledBox-sc-13pk1d4-0 gISFOs"
                    />
                  </div>
                </div>
              </div>
            </button>
            <button
              aria-label="Open Drop"
              class="StyledButton-sc-323bzc-0 fjkrqk"
              type="button"
            >
              <div
                class="StyledBox-sc-13pk1d4-0 bOjGXh"
              >
                <span
                  class="StyledText-sc-1sadyjn-0 fWSbXS"
                >
                  text
                </span>
                <div
                  class="StyledBox__StyledBoxGap-sc-13pk1d4-1 iChEkS"
                />
                <div
                  class="StyledGrommet-sc-19lkkz7-0 dEWEjp"
                >
                  <div
                    class="StyledBox-sc-13pk1d4-0 jmYunQ"
                  >
                    <div
                      class="StyledBox-sc-13pk1d4-0 djGuCL"
                    />
                    <div
                      class="StyledBox-sc-13pk1d4-0 fxhWMY"
                    />
                    <div
                      class="StyledBox-sc-13pk1d4-0 oRqUf"
                    />
                    <div
                      class="StyledBox-sc-13pk1d4-0 kLuAy"
                    />
                  </div>
                </div>
              </div>
            </button>
            <button
              aria-label="Open Drop"
              class="StyledButton-sc-323bzc-0 fjkrqk"
              type="button"
            >
              <div
                class="StyledBox-sc-13pk1d4-0 bOjGXh"
              >
                <span
                  class="StyledText-sc-1sadyjn-0 fWSbXS"
                >
                  border
                </span>
                <div
                  class="StyledBox__StyledBoxGap-sc-13pk1d4-1 iChEkS"
                />
                <div
                  class="StyledGrommet-sc-19lkkz7-0 dEWEjp"
                >
                  <div
                    class="StyledBox-sc-13pk1d4-0 jmYunQ"
                  >
                    <div
                      class="StyledBox-sc-13pk1d4-0 oRqUf"
                    />
                  </div>
                </div>
              </div>
            </button>
            <button
              aria-label="Open Drop"
              class="StyledButton-sc-323bzc-0 fjkrqk"
              type="button"
            >
              <div
                class="StyledBox-sc-13pk1d4-0 bOjGXh"
              >
                <span
                  class="StyledText-sc-1sadyjn-0 fWSbXS"
                >
                  control
                </span>
                <div
                  class="StyledBox__StyledBoxGap-sc-13pk1d4-1 iChEkS"
                />
                <div
                  class="StyledGrommet-sc-19lkkz7-0 dEWEjp"
                >
                  <div
                    class="StyledBox-sc-13pk1d4-0 jmYunQ"
                  >
                    <div
                      class="StyledBox-sc-13pk1d4-0 iKzKYs"
                    />
                  </div>
                </div>
              </div>
            </button>
            <button
              aria-label="Open Drop"
              class="StyledButton-sc-323bzc-0 fjkrqk"
              type="button"
            >
              <div
                class="StyledBox-sc-13pk1d4-0 bOjGXh"
              >
                <span
                  class="StyledText-sc-1sadyjn-0 fWSbXS"
                >
                  active
                </span>
                <div
                  class="StyledBox__StyledBoxGap-sc-13pk1d4-1 iChEkS"
                />
                <div
                  class="StyledGrommet-sc-19lkkz7-0 dEWEjp"
                >
                  <div
                    class="StyledBox-sc-13pk1d4-0 jmYunQ"
                  >
                    <div
                      class="StyledBox-sc-13pk1d4-0 gISFOs"
                    />
                    <div
                      class="StyledBox-sc-13pk1d4-0 fxhWMY"
                    />
                  </div>
                </div>
              </div>
            </button>
            <button
              aria-label="Open Drop"
              class="StyledButton-sc-323bzc-0 fjkrqk"
              type="button"
            >
              <div
                class="StyledBox-sc-13pk1d4-0 bOjGXh"
              >
                <span
                  class="StyledText-sc-1sadyjn-0 fWSbXS"
                >
                  selected
                </span>
                <div
                  class="StyledBox__StyledBoxGap-sc-13pk1d4-1 iChEkS"
                />
                <div
                  class="StyledGrommet-sc-19lkkz7-0 dEWEjp"
                >
                  <div
                    class="StyledBox-sc-13pk1d4-0 jmYunQ"
                  >
                    <div
                      class="StyledBox-sc-13pk1d4-0 iKzKYs"
                    />
                    <div
                      class="StyledBox-sc-13pk1d4-0 fxhWMY"
                    />
                  </div>
                </div>
              </div>
            </button>
            <button
              aria-label="Open Drop"
              class="StyledButton-sc-323bzc-0 fjkrqk"
              type="button"
            >
              <div
                class="StyledBox-sc-13pk1d4-0 bOjGXh"
              >
                <span
                  class="StyledText-sc-1sadyjn-0 fWSbXS"
                >
                  status
                </span>
                <div
                  class="StyledBox__StyledBoxGap-sc-13pk1d4-1 iChEkS"
                />
                <div
                  class="StyledGrommet-sc-19lkkz7-0 dEWEjp"
                >
                  <div
                    class="StyledBox-sc-13pk1d4-0 jmYunQ"
                  >
                    <div
                      class="StyledBox-sc-13pk1d4-0 kBpVLk"
                    />
                    <div
                      class="StyledBox-sc-13pk1d4-0 egQKxk"
                    />
                    <div
                      class="StyledBox-sc-13pk1d4-0 jDExcg"
                    />
                    <div
                      class="StyledBox-sc-13pk1d4-0 dnSKvs"
                    />
                    <div
                      class="StyledBox-sc-13pk1d4-0 dnSKvs"
                    />
                  </div>
                </div>
              </div>
            </button>
            <button
              aria-label="Open Drop"
              class="StyledButton-sc-323bzc-0 fjkrqk"
              type="button"
            >
              <div
                class="StyledBox-sc-13pk1d4-0 bOjGXh"
              >
                <span
                  class="StyledText-sc-1sadyjn-0 fWSbXS"
                >
                  graph
                </span>
                <div
                  class="StyledBox__StyledBoxGap-sc-13pk1d4-1 iChEkS"
                />
                <div
                  class="StyledGrommet-sc-19lkkz7-0 bWySKN"
                >
                  <div
                    class="StyledBox-sc-13pk1d4-0 jmYunQ"
                  >
                    <div
                      class="StyledBox-sc-13pk1d4-0 iKzKYs"
                    />
                  </div>
                </div>
              </div>
            </button>
          </div>
        </div>
      </div>
    </div>
  </div>
</div>
`;

exports[`App empty 2`] = `
<div
  class="StyledGrommet-sc-19lkkz7-0 eQnWDD"
>
  <div
    class="StyledGrid-sc-1wofa1l-0 jcSuPZ"
  >
    <div
      class="StyledBox-sc-13pk1d4-0 lfoPXs"
    >
      <div
        class="StyledBox-sc-13pk1d4-0 hccTBB"
      >
        <span
          class="StyledText-sc-1sadyjn-0 bnqisW"
        >
          my theme
        </span>
        <button
          class="StyledButton-sc-323bzc-0 gWpUxR"
          title="edit theme"
          type="button"
        >
          <svg
            aria-label="Edit"
            class="StyledIcon-ofa7kd-0 jAaLrm"
            viewBox="0 0 24 24"
          >
            <path
              d="M14,4 L20,10 L14,4 Z M22.2942268,5.29422684 C22.6840146,5.68401459 22.6812861,6.3187139 22.2864907,6.71350932 L9,20 L2,22 L4,15 L17.2864907,1.71350932 C17.680551,1.319449 18.3127724,1.31277239 18.7057732,1.70577316 L22.2942268,5.29422684 Z M3,19 L5,21 M7,17 L15,9"
              fill="none"
              stroke="#000"
              stroke-width="2"
            />
          </svg>
        </button>
      </div>
      <div
        class="StyledBox-sc-13pk1d4-0 gmAZBs"
      >
        <div
          class="StyledBox-sc-13pk1d4-0 koruWX"
        >
          <label
            class="StyledRadioButton__StyledRadioButtonContainer-g1f6ld-0 TAEZC"
            for="light"
          >
            <div
              class="StyledBox-sc-13pk1d4-0 dswBHP StyledRadioButton-g1f6ld-4 gVogic"
            >
              <input
                checked=""
                class="StyledRadioButton__StyledRadioButtonInput-g1f6ld-1 hXzvWT"
                id="light"
                name="themeMode"
                type="radio"
                value="light"
              />
              <div
                class="StyledBox-sc-13pk1d4-0 kPVwzH StyledRadioButton__StyledRadioButtonBox-g1f6ld-3 lnEyXE"
              >
                <svg
                  class="StyledRadioButton__StyledRadioButtonIcon-g1f6ld-2 ikgbXi"
                  preserveAspectRatio="xMidYMid meet"
                  viewBox="0 0 24 24"
                >
                  <circle
                    cx="12"
                    cy="12"
                    r="6"
                  />
                </svg>
              </div>
            </div>
            <span>
              light
            </span>
          </label>
          <div
            class="StyledBox__StyledBoxGap-sc-13pk1d4-1 hPsznL"
          />
          <label
            class="StyledRadioButton__StyledRadioButtonContainer-g1f6ld-0 TAEZC"
            for="dark"
          >
            <div
              class="StyledBox-sc-13pk1d4-0 dswBHP StyledRadioButton-g1f6ld-4 gVogic"
            >
              <input
                class="StyledRadioButton__StyledRadioButtonInput-g1f6ld-1 hXzvWT"
                id="dark"
                name="themeMode"
                type="radio"
                value="dark"
              />
              <div
                class="StyledBox-sc-13pk1d4-0 cvKyda StyledRadioButton__StyledRadioButtonBox-g1f6ld-3 lnEyXE"
              />
            </div>
            <span>
              dark
            </span>
          </label>
        </div>
      </div>
      <div
        class="StyledBox-sc-13pk1d4-0 bmeXHp"
      >
        <div
          class="StyledBox-sc-13pk1d4-0 gmAZBs"
        >
          <h3
            class="StyledHeading-sc-1rdh4aw-0 iUCcAQ"
          >
            Examples
          </h3>
        </div>
        <div
          class="StyledBox-sc-13pk1d4-0 iVrFIV"
          tabindex="0"
        >
          Dashboard
        </div>
        <div
          class="StyledBox-sc-13pk1d4-0 iVrFIV"
          tabindex="0"
        >
          List
        </div>
        <div
          class="StyledBox-sc-13pk1d4-0 iVrFIV"
          tabindex="0"
        >
          Form
        </div>
        <div
          class="StyledBox-sc-13pk1d4-0 iVrFIV"
          tabindex="0"
        >
          Accessibility
        </div>
      </div>
    </div>
    <div
      class="StyledBox-sc-13pk1d4-0 koruWX"
    />
    <div
      class="StyledBox-sc-13pk1d4-0 dxAOke"
    >
      <div
        class="StyledBox-sc-13pk1d4-0 eCBRSq"
      >
        <div
          class="StyledBox-sc-13pk1d4-0 eSuxVG"
        >
          <button
            class="StyledButton-sc-323bzc-0 gWpUxR"
            title="choose another theme"
            type="button"
          >
            <svg
              aria-label="Apps"
              class="StyledIcon-ofa7kd-0 jAaLrm"
              viewBox="0 0 24 24"
            >
              <path
                d="M19,5 L21,5 L21,3 L19,3 L19,5 Z M11,5 L13,5 L13,3 L11,3 L11,5 Z M3,5 L5,5 L5,3 L3,3 L3,5 Z M19,13 L21,13 L21,11 L19,11 L19,13 Z M11,13 L13,13 L13,11 L11,11 L11,13 Z M3,13 L5,13 L5,11 L3,11 L3,13 Z M19,21 L21,21 L21,19 L19,19 L19,21 Z M11,21 L13,21 L13,19 L11,19 L11,21 Z M3,21 L5,21 L5,19 L3,19 L3,21 Z"
                fill="none"
                stroke="#000"
                stroke-width="2"
              />
            </svg>
          </button>
          <div
            class="StyledBox__StyledBoxGap-sc-13pk1d4-1 iChEkS"
          />
          <button
            class="StyledButton-sc-323bzc-0 gWpUxR"
            title="see JSON"
            type="button"
          >
            <svg
              aria-label="Code"
              class="StyledIcon-ofa7kd-0 jAaLrm"
              viewBox="0 0 24 24"
            >
              <path
                d="M9,22 L15,2 M17,17 L22,12 L17,7 M7,17 L2,12 L7,7"
                fill="none"
                stroke="#000"
                stroke-width="2"
              />
            </svg>
          </button>
          <div
            class="StyledBox__StyledBoxGap-sc-13pk1d4-1 iChEkS"
          />
          <button
            class="StyledButton-sc-323bzc-0 gWpUxR"
            title="share"
            type="button"
          >
            <svg
              aria-label="Share"
              class="StyledIcon-ofa7kd-0 jAaLrm"
              viewBox="0 0 24 24"
            >
              <path
                d="M19,13 L19,23 L1,23 L1,5 L1,5 L11,5 M14,1 L23,1 L23,10 M10,14 L22.9999998,1 L10,14 Z"
                fill="none"
                stroke="#000"
                stroke-width="2"
              />
            </svg>
          </button>
        </div>
        <div
          class="StyledBox-sc-13pk1d4-0 eRLSix"
        >
          <div
            class="StyledBox-sc-13pk1d4-0 lftshs"
          >
            <div
              class="StyledBox-sc-13pk1d4-0 hydBDu"
            >
              <div
                class="StyledBox-sc-13pk1d4-0 hYTtSi"
              >
                <label
                  class="StyledText-sc-1sadyjn-0 fWSbXS"
                  for="name"
                >
                  name
                </label>
              </div>
              <div
                class="StyledBox-sc-13pk1d4-0 bhtaEx"
              >
                <div
                  class="StyledTextInput__StyledTextInputContainer-sc-1x30a0s-1 kYQCpm"
                >
                  <input
                    autocomplete="off"
                    class="StyledTextInput-sc-1x30a0s-0 dGSWSk"
                    name="name"
                    style="text-align: right;"
                    value="my theme"
                  />
                </div>
              </div>
            </div>
          </div>
          <div
            class="StyledBox-sc-13pk1d4-0 lftshs"
          >
            <div
              class="StyledBox-sc-13pk1d4-0 hydBDu"
            >
              <div
                class="StyledBox-sc-13pk1d4-0 hYTtSi"
              >
                <label
                  class="StyledText-sc-1sadyjn-0 fWSbXS"
                  for="rounding"
                >
                  rounding
                </label>
              </div>
              <div
                class="StyledBox-sc-13pk1d4-0 bhtaEx"
              >
                <div
                  class="StyledBox-sc-13pk1d4-0 eQTSO"
                >
                  <input
                    class="StyledRangeInput-sc-15st9ck-0 kkvlyt"
                    id="rounding"
                    max="24"
                    min="0"
                    name="rounding"
                    step="2"
                    style="text-align: end;"
                    type="range"
                    value="4"
                  />
                  <div
                    class="StyledBox-sc-13pk1d4-0 cuOBGV"
                  >
                    <div
                      class="StyledMaskedInput__StyledMaskedInputContainer-sc-99vkfa-1 kyyRCm"
                    >
                      <input
                        autocomplete="off"
                        class="StyledMaskedInput-sc-99vkfa-0 gDyGQY"
                        placeholder=""
                        style="text-align: right; width: 48px;"
                        value="4"
                      />
                    </div>
                    <span
                      class="StyledText-sc-1sadyjn-0 fWSbXS"
                    >
                      px
                    </span>
                  </div>
                </div>
              </div>
            </div>
          </div>
          <div
            class="StyledBox-sc-13pk1d4-0 lftshs"
          >
            <div
              class="StyledBox-sc-13pk1d4-0 hydBDu"
            >
              <div
                class="StyledBox-sc-13pk1d4-0 hYTtSi"
              >
                <label
                  class="StyledText-sc-1sadyjn-0 fWSbXS"
                  for="spacing"
                >
                  spacing
                </label>
              </div>
              <div
                class="StyledBox-sc-13pk1d4-0 bhtaEx"
              >
                <div
                  class="StyledBox-sc-13pk1d4-0 eQTSO"
                >
                  <input
                    class="StyledRangeInput-sc-15st9ck-0 kkvlyt"
                    id="spacing"
                    max="36"
                    min="12"
                    name="spacing"
                    step="4"
                    style="text-align: end;"
                    type="range"
                    value="24"
                  />
                  <div
                    class="StyledBox-sc-13pk1d4-0 cuOBGV"
                  >
                    <div
                      class="StyledMaskedInput__StyledMaskedInputContainer-sc-99vkfa-1 kyyRCm"
                    >
                      <input
                        autocomplete="off"
                        class="StyledMaskedInput-sc-99vkfa-0 gDyGQY"
                        placeholder=""
                        style="text-align: right; width: 48px;"
                        value="24"
                      />
                    </div>
                    <span
                      class="StyledText-sc-1sadyjn-0 fWSbXS"
                    >
                      px
                    </span>
                  </div>
                </div>
              </div>
            </div>
          </div>
          <button
            aria-label="Open Drop"
            class="StyledButton-sc-323bzc-0 fjkrqk"
            type="button"
          >
            <div
              class="StyledBox-sc-13pk1d4-0 eSDDjd"
            >
              <span
                class="StyledText-sc-1sadyjn-0 fWSbXS"
              >
                font
              </span>
              <div
                class="StyledBox__StyledBoxGap-sc-13pk1d4-1 iChEkS"
              />
              <span
                class="StyledText-sc-1sadyjn-0 bnqisW"
              >
                Helvetica
              </span>
            </div>
          </button>
          <div
            class="StyledBox-sc-13pk1d4-0 koruWX"
          >
            <div
              class="StyledBox-sc-13pk1d4-0 cgIQlF"
            >
              <h3
                class="StyledHeading-sc-1rdh4aw-0 jfwNuu"
              >
                Colors
              </h3>
              <div
                class="StyledBox__StyledBoxGap-sc-13pk1d4-1 hyyRSo"
              />
              <button
                class="StyledButton-sc-323bzc-0 gWpUxR"
                type="button"
              >
                <svg
                  aria-label="Add"
                  class="StyledIcon-ofa7kd-0 jAaLrm"
                  viewBox="0 0 24 24"
                >
                  <path
                    d="M12,22 L12,2 M2,12 L22,12"
                    fill="none"
                    stroke="#000"
                    stroke-width="2"
                  />
                </svg>
              </button>
            </div>
            <button
              aria-label="Open Drop"
              class="StyledButton-sc-323bzc-0 fjkrqk"
              type="button"
            >
              <div
                class="StyledBox-sc-13pk1d4-0 bOjGXh"
              >
                <span
                  class="StyledText-sc-1sadyjn-0 fWSbXS"
                >
                  background
                </span>
                <div
                  class="StyledBox__StyledBoxGap-sc-13pk1d4-1 iChEkS"
                />
                <div
                  class="StyledGrommet-sc-19lkkz7-0 dEWEjp"
                >
                  <div
                    class="StyledBox-sc-13pk1d4-0 jmYunQ"
                  >
                    <div
                      class="StyledBox-sc-13pk1d4-0 jYPRAo"
                    />
                    <div
                      class="StyledBox-sc-13pk1d4-0 jYPRAo"
                    />
                    <div
                      class="StyledBox-sc-13pk1d4-0 jxRSLL"
                    />
                    <div
                      class="StyledBox-sc-13pk1d4-0 gISFOs"
                    />
                  </div>
                </div>
              </div>
            </button>
            <button
              aria-label="Open Drop"
              class="StyledButton-sc-323bzc-0 fjkrqk"
              type="button"
            >
              <div
                class="StyledBox-sc-13pk1d4-0 bOjGXh"
              >
                <span
                  class="StyledText-sc-1sadyjn-0 fWSbXS"
                >
                  text
                </span>
                <div
                  class="StyledBox__StyledBoxGap-sc-13pk1d4-1 iChEkS"
                />
                <div
                  class="StyledGrommet-sc-19lkkz7-0 dEWEjp"
                >
                  <div
                    class="StyledBox-sc-13pk1d4-0 jmYunQ"
                  >
                    <div
                      class="StyledBox-sc-13pk1d4-0 djGuCL"
                    />
                    <div
                      class="StyledBox-sc-13pk1d4-0 fxhWMY"
                    />
                    <div
                      class="StyledBox-sc-13pk1d4-0 oRqUf"
                    />
                    <div
                      class="StyledBox-sc-13pk1d4-0 kLuAy"
                    />
                  </div>
                </div>
              </div>
            </button>
            <button
              aria-label="Open Drop"
              class="StyledButton-sc-323bzc-0 fjkrqk"
              type="button"
            >
              <div
                class="StyledBox-sc-13pk1d4-0 bOjGXh"
              >
                <span
                  class="StyledText-sc-1sadyjn-0 fWSbXS"
                >
                  border
                </span>
                <div
                  class="StyledBox__StyledBoxGap-sc-13pk1d4-1 iChEkS"
                />
                <div
                  class="StyledGrommet-sc-19lkkz7-0 dEWEjp"
                >
                  <div
                    class="StyledBox-sc-13pk1d4-0 jmYunQ"
                  >
                    <div
                      class="StyledBox-sc-13pk1d4-0 oRqUf"
                    />
                  </div>
                </div>
              </div>
            </button>
            <button
              aria-label="Open Drop"
              class="StyledButton-sc-323bzc-0 fjkrqk"
              type="button"
            >
              <div
                class="StyledBox-sc-13pk1d4-0 bOjGXh"
              >
                <span
                  class="StyledText-sc-1sadyjn-0 fWSbXS"
                >
                  control
                </span>
                <div
                  class="StyledBox__StyledBoxGap-sc-13pk1d4-1 iChEkS"
                />
                <div
                  class="StyledGrommet-sc-19lkkz7-0 dEWEjp"
                >
                  <div
                    class="StyledBox-sc-13pk1d4-0 jmYunQ"
                  >
                    <div
                      class="StyledBox-sc-13pk1d4-0 iKzKYs"
                    />
                  </div>
                </div>
              </div>
            </button>
            <button
              aria-label="Open Drop"
              class="StyledButton-sc-323bzc-0 fjkrqk"
              type="button"
            >
              <div
                class="StyledBox-sc-13pk1d4-0 bOjGXh"
              >
                <span
                  class="StyledText-sc-1sadyjn-0 fWSbXS"
                >
                  active
                </span>
                <div
                  class="StyledBox__StyledBoxGap-sc-13pk1d4-1 iChEkS"
                />
                <div
                  class="StyledGrommet-sc-19lkkz7-0 dEWEjp"
                >
                  <div
                    class="StyledBox-sc-13pk1d4-0 jmYunQ"
                  >
                    <div
                      class="StyledBox-sc-13pk1d4-0 gISFOs"
                    />
                    <div
                      class="StyledBox-sc-13pk1d4-0 fxhWMY"
                    />
                  </div>
                </div>
              </div>
            </button>
            <button
              aria-label="Open Drop"
              class="StyledButton-sc-323bzc-0 fjkrqk"
              type="button"
            >
              <div
                class="StyledBox-sc-13pk1d4-0 bOjGXh"
              >
                <span
                  class="StyledText-sc-1sadyjn-0 fWSbXS"
                >
                  selected
                </span>
                <div
                  class="StyledBox__StyledBoxGap-sc-13pk1d4-1 iChEkS"
                />
                <div
                  class="StyledGrommet-sc-19lkkz7-0 dEWEjp"
                >
                  <div
                    class="StyledBox-sc-13pk1d4-0 jmYunQ"
                  >
                    <div
                      class="StyledBox-sc-13pk1d4-0 iKzKYs"
                    />
                    <div
                      class="StyledBox-sc-13pk1d4-0 fxhWMY"
                    />
                  </div>
                </div>
              </div>
            </button>
            <button
              aria-label="Open Drop"
              class="StyledButton-sc-323bzc-0 fjkrqk"
              type="button"
            >
              <div
                class="StyledBox-sc-13pk1d4-0 bOjGXh"
              >
                <span
                  class="StyledText-sc-1sadyjn-0 fWSbXS"
                >
                  status
                </span>
                <div
                  class="StyledBox__StyledBoxGap-sc-13pk1d4-1 iChEkS"
                />
                <div
                  class="StyledGrommet-sc-19lkkz7-0 dEWEjp"
                >
                  <div
                    class="StyledBox-sc-13pk1d4-0 jmYunQ"
                  >
                    <div
                      class="StyledBox-sc-13pk1d4-0 kBpVLk"
                    />
                    <div
                      class="StyledBox-sc-13pk1d4-0 egQKxk"
                    />
                    <div
                      class="StyledBox-sc-13pk1d4-0 jDExcg"
                    />
                    <div
                      class="StyledBox-sc-13pk1d4-0 dnSKvs"
                    />
                    <div
                      class="StyledBox-sc-13pk1d4-0 dnSKvs"
                    />
                  </div>
                </div>
              </div>
            </button>
            <button
              aria-label="Open Drop"
              class="StyledButton-sc-323bzc-0 fjkrqk"
              type="button"
            >
              <div
                class="StyledBox-sc-13pk1d4-0 bOjGXh"
              >
                <span
                  class="StyledText-sc-1sadyjn-0 fWSbXS"
                >
                  graph
                </span>
                <div
                  class="StyledBox__StyledBoxGap-sc-13pk1d4-1 iChEkS"
                />
                <div
                  class="StyledGrommet-sc-19lkkz7-0 bWySKN"
                >
                  <div
                    class="StyledBox-sc-13pk1d4-0 jmYunQ"
                  >
                    <div
                      class="StyledBox-sc-13pk1d4-0 iKzKYs"
                    />
                  </div>
                </div>
              </div>
            </button>
          </div>
        </div>
      </div>
    </div>
  </div>
</div>
`;
