// Jest Snapshot v1, https://goo.gl/fbAQLP

exports[`App empty 1`] = `
<div
  class="StyledGrommet-sc-19lkkz7-0 iQFOBe"
>
  <div
    class="StyledGrid-sc-1wofa1l-0 bEbBoV"
  >
    <div
      class="StyledBox-sc-13pk1d4-0 fdAdll"
    >
      <div
        class="StyledBox-sc-13pk1d4-0 hqGUhX"
      >
        <div
          class="StyledBox-sc-13pk1d4-0 gbuKLi"
        >
          <div
            class="StyledBox-sc-13pk1d4-0 hqGUhX"
          >
            <button
              class="StyledButton-sc-323bzc-0 esrnCr"
              title="choose another theme"
              type="button"
            >
              <svg
                aria-label="Apps"
                class="StyledIcon-ofa7kd-0 jAaLrm"
                viewBox="0 0 24 24"
              >
                <path
                  d="M19,5 L21,5 L21,3 L19,3 L19,5 Z M11,5 L13,5 L13,3 L11,3 L11,5 Z M3,5 L5,5 L5,3 L3,3 L3,5 Z M19,13 L21,13 L21,11 L19,11 L19,13 Z M11,13 L13,13 L13,11 L11,11 L11,13 Z M3,13 L5,13 L5,11 L3,11 L3,13 Z M19,21 L21,21 L21,19 L19,19 L19,21 Z M11,21 L13,21 L13,19 L11,19 L11,21 Z M3,21 L5,21 L5,19 L3,19 L3,21 Z"
                  fill="none"
                  stroke="#000"
                  stroke-width="2"
                />
              </svg>
            </button>
          </div>
          <div
            class="StyledBox__StyledBoxGap-sc-13pk1d4-1 iChEkS"
          />
          <div
            class="StyledBox-sc-13pk1d4-0 hqGUhX"
          >
            <button
              class="StyledButton-sc-323bzc-0 esrnCr"
              title="see JSON"
              type="button"
            >
              <svg
                aria-label="Code"
                class="StyledIcon-ofa7kd-0 jAaLrm"
                viewBox="0 0 24 24"
              >
                <path
                  d="M9,22 L15,2 M17,17 L22,12 L17,7 M7,17 L2,12 L7,7"
                  fill="none"
                  stroke="#000"
                  stroke-width="2"
                />
              </svg>
            </button>
          </div>
          <div
            class="StyledBox__StyledBoxGap-sc-13pk1d4-1 iChEkS"
          />
          <div
            class="StyledBox-sc-13pk1d4-0 hqGUhX"
          >
            <button
              class="StyledButton-sc-323bzc-0 esrnCr"
              title="share"
              type="button"
            >
              <svg
                aria-label="Share"
                class="StyledIcon-ofa7kd-0 jAaLrm"
                viewBox="0 0 24 24"
              >
                <path
                  d="M19,13 L19,23 L1,23 L1,5 L1,5 L11,5 M14,1 L23,1 L23,10 M10,14 L22.9999998,1 L10,14 Z"
                  fill="none"
                  stroke="#000"
                  stroke-width="2"
                />
              </svg>
            </button>
          </div>
        </div>
        <div
          class="StyledBox-sc-13pk1d4-0 fWrrBh"
        >
          <div
            class="StyledBox-sc-13pk1d4-0 Uiard"
          >
            <div
              class="StyledBox-sc-13pk1d4-0 kIOAwt"
            >
              <div
                class="StyledBox-sc-13pk1d4-0 dUkghO"
              >
                <label
                  class="StyledText-sc-1sadyjn-0 fWSbXS"
                  for="name"
                >
                  name
                </label>
              </div>
              <div
                class="StyledBox-sc-13pk1d4-0 iLNTNM"
              >
                <div
                  class="StyledTextInput__StyledTextInputContainer-sc-1x30a0s-1 kYQCpm"
                >
                  <input
                    autocomplete="off"
                    class="StyledTextInput-sc-1x30a0s-0 ebFsnl"
                    name="name"
                    style="text-align: right;"
                    value="my theme"
                  />
                </div>
              </div>
            </div>
          </div>
          <div
            class="StyledBox-sc-13pk1d4-0 cqODYy"
          >
            <h2
              class="StyledHeading-sc-1rdh4aw-0 bFZgUK"
            >
              Font
            </h2>
            <span
              class="StyledText-sc-1sadyjn-0 bjNjKg"
            >
              Double quotes use Google fonts. Single quotes prompt for face.
            </span>
          </div>
          <div
            class="StyledBox-sc-13pk1d4-0 Uiard"
          >
            <div
              class="StyledBox-sc-13pk1d4-0 gTzdaX"
            >
              <div
                class="StyledBox-sc-13pk1d4-0 dUkghO"
              >
                <label
                  class="StyledText-sc-1sadyjn-0 fWSbXS"
                  for="family"
                >
                  font family
                </label>
              </div>
              <div
                class="StyledBox-sc-13pk1d4-0 iLNTNM"
              >
                <div
                  class="StyledBox-sc-13pk1d4-0 dMmorK"
                >
                  <div
                    class="StyledTextInput__StyledTextInputContainer-sc-1x30a0s-1 kYQCpm"
                  >
                    <input
                      autocomplete="off"
                      class="StyledTextInput-sc-1x30a0s-0 ebFsnl"
                      id="family"
                      name="family"
                      style="text-align: right;"
                      value="Helvetica"
                    />
                  </div>
                </div>
              </div>
            </div>
          </div>
          <div
            class="StyledBox-sc-13pk1d4-0 Uiard"
          >
            <div
              class="StyledBox-sc-13pk1d4-0 gTzdaX"
            >
              <div
                class="StyledBox-sc-13pk1d4-0 dUkghO"
              >
                <label
                  class="StyledText-sc-1sadyjn-0 fWSbXS"
                  for="headingFamily"
                >
                  heading font family
                </label>
              </div>
              <div
                class="StyledBox-sc-13pk1d4-0 iLNTNM"
              >
                <div
                  class="StyledBox-sc-13pk1d4-0 dMmorK"
                >
                  <div
                    class="StyledTextInput__StyledTextInputContainer-sc-1x30a0s-1 kYQCpm"
                  >
                    <input
                      autocomplete="off"
                      class="StyledTextInput-sc-1x30a0s-0 ebFsnl"
                      id="headingFamily"
                      name="headingFamily"
                      style="text-align: right;"
                      value=""
                    />
                  </div>
                </div>
              </div>
            </div>
          </div>
          <div
            class="StyledBox-sc-13pk1d4-0 cqODYy"
          >
            <h2
              class="StyledHeading-sc-1rdh4aw-0 bFZgUK"
            >
              Sizing
            </h2>
          </div>
          <div
            class="StyledBox-sc-13pk1d4-0 Uiard"
          >
            <div
              class="StyledBox-sc-13pk1d4-0 kIOAwt"
            >
              <div
                class="StyledBox-sc-13pk1d4-0 dUkghO"
              >
                <label
                  class="StyledText-sc-1sadyjn-0 fWSbXS"
                  for="rounding"
                >
                  rounding
                </label>
              </div>
              <div
                class="StyledBox-sc-13pk1d4-0 iLNTNM"
              >
                <div
                  class="StyledBox-sc-13pk1d4-0 hfsUvK"
                >
                  <input
                    class="StyledRangeInput-sc-15st9ck-0 ghNbEw"
                    id="rounding"
                    max="24"
                    min="0"
                    name="rounding"
                    step="2"
                    style="text-align: end;"
                    type="range"
                    value="4"
                  />
                  <div
                    class="StyledBox-sc-13pk1d4-0 gSnkbP"
                  >
                    <div
                      class="StyledMaskedInput__StyledMaskedInputContainer-sc-99vkfa-1 kyyRCm"
                    >
                      <input
                        autocomplete="off"
                        class="StyledMaskedInput-sc-99vkfa-0 hwaIhw"
                        placeholder=""
                        style="text-align: right; width: 48px;"
                        value="4"
                      />
                    </div>
                    <span
                      class="StyledText-sc-1sadyjn-0 fWSbXS"
                    >
                      px
                    </span>
                  </div>
                </div>
              </div>
            </div>
          </div>
          <div
            class="StyledBox-sc-13pk1d4-0 Uiard"
          >
            <div
              class="StyledBox-sc-13pk1d4-0 kIOAwt"
            >
              <div
                class="StyledBox-sc-13pk1d4-0 dUkghO"
              >
                <label
                  class="StyledText-sc-1sadyjn-0 fWSbXS"
                  for="spacing"
                >
                  spacing
                </label>
              </div>
              <div
                class="StyledBox-sc-13pk1d4-0 iLNTNM"
              >
                <div
                  class="StyledBox-sc-13pk1d4-0 hfsUvK"
                >
                  <input
                    class="StyledRangeInput-sc-15st9ck-0 ghNbEw"
                    id="spacing"
                    max="36"
                    min="12"
                    name="spacing"
                    step="4"
                    style="text-align: end;"
                    type="range"
                    value="24"
                  />
                  <div
                    class="StyledBox-sc-13pk1d4-0 gSnkbP"
                  >
                    <div
                      class="StyledMaskedInput__StyledMaskedInputContainer-sc-99vkfa-1 kyyRCm"
                    >
                      <input
                        autocomplete="off"
                        class="StyledMaskedInput-sc-99vkfa-0 hwaIhw"
                        placeholder=""
                        style="text-align: right; width: 48px;"
                        value="24"
                      />
                    </div>
                    <span
                      class="StyledText-sc-1sadyjn-0 fWSbXS"
                    >
                      px
                    </span>
                  </div>
                </div>
              </div>
            </div>
          </div>
          <div
            class="StyledBox-sc-13pk1d4-0 cqODYy"
          >
            <h2
              class="StyledHeading-sc-1rdh4aw-0 bFZgUK"
            >
              Color
            </h2>
          </div>
          <div
            class="StyledBox-sc-13pk1d4-0 Uiard"
          >
            <div
              class="StyledBox-sc-13pk1d4-0 kIOAwt"
            >
              <div
                class="StyledBox-sc-13pk1d4-0 dUkghO"
              >
                <label
                  class="StyledText-sc-1sadyjn-0 fWSbXS"
                  for="brand"
                >
                  brand
                </label>
              </div>
              <div
                class="StyledBox-sc-13pk1d4-0 iLNTNM"
              >
                <div
                  class="StyledBox-sc-13pk1d4-0 hfsUvK"
                >
                  <div
                    class="StyledMaskedInput__StyledMaskedInputContainer-sc-99vkfa-1 kyyRCm"
                  >
                    <input
                      autocomplete="off"
                      class="StyledMaskedInput-sc-99vkfa-0 hwaIhw"
                      name="brand"
                      placeholder="#rrggbb"
                      style="text-align: right;"
                      value="#7D4CDB"
                    />
                  </div>
                  <div
                    class="StyledBox-sc-13pk1d4-0 cIWXfC"
                  />
                </div>
              </div>
            </div>
          </div>
          <div
            class="StyledBox-sc-13pk1d4-0 cqODYy"
          >
            <button
              class="StyledButton-sc-323bzc-0 jfbKsv"
              type="button"
            >
              <div
                class="StyledBox-sc-13pk1d4-0 kNhvKp"
              >
                <span
                  class="StyledText-sc-1sadyjn-0 bnqisW"
                >
                  Colors
                </span>
                <svg
                  aria-label="FormDown"
                  class="StyledIcon-ofa7kd-0 jAaLrm"
                  viewBox="0 0 24 24"
                >
                  <polyline
                    fill="none"
                    points="18 9 12 15 6 9"
                    stroke="#000"
                    stroke-width="2"
                  />
                </svg>
              </div>
            </button>
          </div>
        </div>
      </div>
    </div>
    <div
      class="StyledGrommet-sc-19lkkz7-0 klPsBM"
    >
      <div
        class="StyledBox-sc-13pk1d4-0 RIwim"
      >
        <div
          class="StyledBox-sc-13pk1d4-0 gQolFq"
        >
          <div
            class="StyledBox-sc-13pk1d4-0 iLNTNM"
          >
            <h1
              class="StyledHeading-sc-1rdh4aw-0 kNjLAU"
            >
              my theme
            </h1>
            <div
              class="StyledBox-sc-13pk1d4-0 kANKDK"
            >
              <div
                class="StyledBox-sc-13pk1d4-0 bNIdsb"
              />
              <div
                class="StyledBox-sc-13pk1d4-0 iLNTNM"
              >
                <div
                  class="StyledBox-sc-13pk1d4-0 hZhenb"
                >
                  <div
                    class="StyledBox-sc-13pk1d4-0 DWVhf"
                  />
                  <div
                    class="StyledBox-sc-13pk1d4-0 fwYro"
                  />
                  <div
                    class="StyledBox-sc-13pk1d4-0 jGWBGj"
                  />
                  <div
                    class="StyledBox-sc-13pk1d4-0 kbUpzG"
                  />
                </div>
                <div
                  class="StyledBox-sc-13pk1d4-0 hZhenb"
                >
                  <div
                    class="StyledBox-sc-13pk1d4-0 kGaqWL"
                  />
                  <div
                    class="StyledBox-sc-13pk1d4-0 cNZlPM"
                  />
                  <div
                    class="StyledBox-sc-13pk1d4-0 kxFfmU"
                  />
                  <div
                    class="StyledBox-sc-13pk1d4-0 jiNIxP"
                  />
                </div>
              </div>
            </div>
          </div>
          <div
            class="StyledBox-sc-13pk1d4-0 ekjAwv"
          >
            <div
              class="StyledBox-sc-13pk1d4-0 fWrrBh"
            >
              <div
                class="StyledBox-sc-13pk1d4-0 lbuBrJ"
              />
              <div
                class="StyledBox-sc-13pk1d4-0 gxMXPN"
              />
              <div
                class="StyledBox-sc-13pk1d4-0 jKmnwh"
              />
              <div
                class="StyledBox-sc-13pk1d4-0 dXQCtG"
              />
              <div
                class="StyledBox-sc-13pk1d4-0 xrCz"
              />
              <div
                class="StyledBox-sc-13pk1d4-0 dnFvOm"
              />
              <div
                class="StyledBox-sc-13pk1d4-0 hrIuOw"
              />
              <div
                class="StyledBox-sc-13pk1d4-0 jcWgGc"
              />
            </div>
            <div
              class="StyledBox-sc-13pk1d4-0 fWrrBh"
            >
              <div
                class="StyledBox-sc-13pk1d4-0 bsbfDL"
              />
              <div
                class="StyledBox-sc-13pk1d4-0 kXRZhp"
              />
              <div
                class="StyledBox-sc-13pk1d4-0 jJhcUN"
              />
              <div
                class="StyledBox-sc-13pk1d4-0 iOpvM"
              />
            </div>
          </div>
        </div>
        <div
          class="StyledBox-sc-13pk1d4-0 hqGUhX"
        >
          <div
            class="StyledGrid-sc-1wofa1l-0 wClnR"
          >
            <div
              class="StyledBox-sc-13pk1d4-0 fWrrBh"
            >
              <h2
                class="StyledHeading-sc-1rdh4aw-0 yhirM"
              >
                Heading
              </h2>
              <p
                class="StyledParagraph-tbetod-0 kxFtnQ"
              >
                Paragraph - Lorem ipsum dolor sit amet, consectetur adipiscing elit, sed do eiusmod tempor incididunt ut labore et dolore magna aliqua. 
                <a
                  class="StyledAnchor-sc-1rp7lwl-0 jgeOSx"
                >
                  Anchor
                </a>
                 within.
              </p>
              <span
                class="StyledText-sc-1sadyjn-0 fWSbXS"
              >
                Text
              </span>
              <a
                class="StyledAnchor-sc-1rp7lwl-0 jgeOSx"
              >
                Anchor
              </a>
              <div
                class="StyledBox-sc-13pk1d4-0 fWrrBh"
              >
                <h3
                  class="StyledHeading-sc-1rdh4aw-0 bEZDBb"
                >
                  Chart
                </h3>
                <div
                  class="StyledStack-ajspsk-0 cBSAEZ"
                >
                  <div
                    class="StyledStack__StyledStackLayer-ajspsk-1 ekmpaB"
                  >
                    <div
                      class="StyledBox-sc-13pk1d4-0 lfMSfr"
                    >
                      <div
                        class="StyledBox-sc-13pk1d4-0 dhAlZn"
                      />
                      <div
                        class="StyledBox-sc-13pk1d4-0 dTSDRc"
                      />
                    </div>
                  </div>
                  <div
                    class="StyledStack__StyledStackLayer-ajspsk-1 zZZtW"
                  >
                    <svg
                      class="StyledChart-sc-1nae0gf-0 gecgMB"
                      height="192"
                      preserveAspectRatio="none"
                      viewBox="-12 -12 408 216"
                      width="384"
                    >
                      <g
                        stroke="#6FFFB0"
                        stroke-linecap="round"
                        stroke-linejoin="round"
                        stroke-width="24"
                      >
                        <g
                          fill="none"
                        >
                          <path
                            d="M 0,172.8 L 96,153.6 L 192,48 L 288,115.2 L 384,38.400000000000006"
                          />
                        </g>
                      </g>
                    </svg>
                  </div>
                </div>
              </div>
            </div>
            <div
              class="StyledBox-sc-13pk1d4-0 fWrrBh"
            >
              <div
                class="StyledBox-sc-13pk1d4-0 hFIMGw"
              >
                <h2
                  class="StyledHeading-sc-1rdh4aw-0 yhirM"
                >
                  List
                </h2>
                <button
                  aria-label="Open Menu"
                  class="StyledButton-sc-323bzc-0 jfbKsv"
                  type="button"
                >
                  <div
                    class="StyledBox-sc-13pk1d4-0 dOxYCM"
                  >
                    <span
                      class="StyledText-sc-1sadyjn-0 fWSbXS"
                    >
                      actions
                    </span>
                    <div
                      class="StyledBox__StyledBoxGap-sc-13pk1d4-1 iChEkS"
                    />
                    <svg
                      aria-label="FormDown"
                      class="StyledIcon-ofa7kd-0 dSllCE"
                      viewBox="0 0 24 24"
                    >
                      <polyline
                        fill="none"
                        points="18 9 12 15 6 9"
                        stroke="#000"
                        stroke-width="2"
                      />
                    </svg>
                  </div>
                </button>
              </div>
              <div
                class="StyledBox-sc-13pk1d4-0 fewPWr"
              >
                <div
                  class="StyledTextInput__StyledTextInputContainer-sc-1x30a0s-1 kYQCpm"
                >
                  <input
                    autocomplete="off"
                    class="StyledTextInput-sc-1x30a0s-0 kvYrcH"
                    placeholder="Search"
                    value=""
                  />
                </div>
                <button
                  class="StyledButton-sc-323bzc-0 gOcOoZ"
                  type="button"
                >
                  <svg
                    aria-label="Search"
                    class="StyledIcon-ofa7kd-0 iOkQrb"
                    viewBox="0 0 24 24"
                  >
                    <path
                      d="M15,15 L22,22 L15,15 Z M9.5,17 C13.6421356,17 17,13.6421356 17,9.5 C17,5.35786438 13.6421356,2 9.5,2 C5.35786438,2 2,5.35786438 2,9.5 C2,13.6421356 5.35786438,17 9.5,17 Z"
                      fill="none"
                      stroke="#000"
                      stroke-width="2"
                    />
                  </svg>
                </button>
              </div>
              <div
                class="StyledBox-sc-13pk1d4-0 cuVMSW"
              >
                <span
                  class="StyledText-sc-1sadyjn-0 bnqisW"
                >
                  Angus
                </span>
                <button
                  class="StyledButton-sc-323bzc-0 gOcOoZ"
                  type="button"
                >
                  <svg
                    aria-label="Trash"
                    class="StyledIcon-ofa7kd-0 iOkQrb"
                    viewBox="0 0 24 24"
                  >
                    <path
                      d="M4,5 L20,5 L20,23 L4,23 L4,5 Z M1,5 L23,5 M9,1 L15,1 L15,5 L9,5 L9,1 Z M9,1 L15,1 L15,5 L9,5 L9,1 Z M15,9 L15,19 M9,9 L9,19"
                      fill="none"
                      stroke="#000"
                      stroke-width="2"
                    />
                  </svg>
                </button>
              </div>
              <div
                class="StyledBox-sc-13pk1d4-0 jFAusj"
              >
                <span
                  class="StyledText-sc-1sadyjn-0 bnqisW"
                >
                  Devon
                </span>
                <button
                  class="StyledButton-sc-323bzc-0 gOcOoZ"
                  type="button"
                >
                  <svg
                    aria-label="Trash"
                    class="StyledIcon-ofa7kd-0 iOkQrb"
                    viewBox="0 0 24 24"
                  >
                    <path
                      d="M4,5 L20,5 L20,23 L4,23 L4,5 Z M1,5 L23,5 M9,1 L15,1 L15,5 L9,5 L9,1 Z M9,1 L15,1 L15,5 L9,5 L9,1 Z M15,9 L15,19 M9,9 L9,19"
                      fill="none"
                      stroke="#000"
                      stroke-width="2"
                    />
                  </svg>
                </button>
              </div>
              <div
                class="StyledBox-sc-13pk1d4-0 jFAusj"
              >
                <span
                  class="StyledText-sc-1sadyjn-0 bnqisW"
                >
                  Rupert
                </span>
                <button
                  class="StyledButton-sc-323bzc-0 gOcOoZ"
                  type="button"
                >
                  <svg
                    aria-label="Trash"
                    class="StyledIcon-ofa7kd-0 iOkQrb"
                    viewBox="0 0 24 24"
                  >
                    <path
                      d="M4,5 L20,5 L20,23 L4,23 L4,5 Z M1,5 L23,5 M9,1 L15,1 L15,5 L9,5 L9,1 Z M9,1 L15,1 L15,5 L9,5 L9,1 Z M15,9 L15,19 M9,9 L9,19"
                      fill="none"
                      stroke="#000"
                      stroke-width="2"
                    />
                  </svg>
                </button>
              </div>
            </div>
            <form>
              <h2
                class="StyledHeading-sc-1rdh4aw-0 yhirM"
              >
                Form
              </h2>
              <div
                class="StyledBox-sc-13pk1d4-0 lfluzk FormField__FormFieldBox-m9hood-0 eshLKp"
              >
                <label
                  class="StyledText-sc-1sadyjn-0 bKLvLm"
                >
                  Name
                </label>
                <div
                  class="StyledBox-sc-13pk1d4-0 bDrWKZ"
                >
                  <div
                    class="StyledTextInput__StyledTextInputContainer-sc-1x30a0s-1 kYQCpm"
                  >
                    <input
                      autocomplete="off"
                      class="StyledTextInput-sc-1x30a0s-0 duvNfq"
                      label="Name"
                      name="name"
                      value=""
                    />
                  </div>
                </div>
              </div>
              <div
                class="StyledBox-sc-13pk1d4-0 lfluzk FormField__FormFieldBox-m9hood-0 eshLKp"
              >
                <div
                  class="StyledBox-sc-13pk1d4-0 bDrWKZ"
                >
                  <div
                    class="StyledBox-sc-13pk1d4-0 kokMhX"
                  >
                    <label
                      class="StyledCheckBox__StyledCheckBoxContainer-sc-1dbk5ju-1 bVmNDQ"
                    >
                      <span>
                        Local
                      </span>
                      <div
                        class="StyledBox-sc-13pk1d4-0 iybiSj StyledCheckBox-sc-1dbk5ju-6 jXdLin"
                      >
                        <input
                          checked=""
                          class="StyledCheckBox__StyledCheckBoxInput-sc-1dbk5ju-2 dmEAHg"
                          name="local"
                          type="checkbox"
                        />
                        <div
                          class="StyledBox-sc-13pk1d4-0 bKtqYb StyledCheckBox__StyledCheckBoxBox-sc-1dbk5ju-3 fxKnpz"
                        >
                          <svg
                            class="StyledCheckBox__StyledCheckBoxIcon-sc-1dbk5ju-0 excGvx"
                            preserveAspectRatio="xMidYMid meet"
                            viewBox="0 0 24 24"
                          >
                            <path
                              d="M6,11.3 L10.3,16 L18,6.2"
                              fill="none"
                            />
                          </svg>
                        </div>
                      </div>
                    </label>
                  </div>
                </div>
              </div>
              <div
                class="StyledBox-sc-13pk1d4-0 lfluzk FormField__FormFieldBox-m9hood-0 eshLKp"
              >
                <label
                  class="StyledText-sc-1sadyjn-0 bKLvLm"
                >
                  Size
                </label>
                <div
                  class="StyledBox-sc-13pk1d4-0 bDrWKZ"
                >
                  <div
                    class="StyledBox-sc-13pk1d4-0 kokMhX"
                  >
                    <div
                      class="StyledBox-sc-13pk1d4-0 SvgEa"
                      label="Size"
                      value="medium"
                    >
                      <label
                        class="StyledBox-sc-13pk1d4-0 hfsUvK StyledRadioButton__StyledRadioButtonContainer-g1f6ld-0 jEXpGU"
                        for="small"
                      >
                        <div
                          class="StyledBox-sc-13pk1d4-0 eCoClD StyledRadioButton-g1f6ld-4 gVogic"
                        >
                          <input
                            class="StyledRadioButton__StyledRadioButtonInput-g1f6ld-1 hXzvWT"
                            id="small"
                            name="size"
                            type="radio"
                            value="small"
                          />
                          <div
                            class="StyledBox-sc-13pk1d4-0 gcozjI StyledRadioButton__StyledRadioButtonBox-g1f6ld-3 lnEyXE"
                          />
                        </div>
                        <span>
                          small
                        </span>
                      </label>
                      <div
                        class="StyledBox__StyledBoxGap-sc-13pk1d4-1 hPsznL"
                      />
                      <label
                        class="StyledBox-sc-13pk1d4-0 hfsUvK StyledRadioButton__StyledRadioButtonContainer-g1f6ld-0 jEXpGU"
                        for="medium"
                      >
                        <div
                          class="StyledBox-sc-13pk1d4-0 eCoClD StyledRadioButton-g1f6ld-4 gVogic"
                        >
                          <input
                            checked=""
                            class="StyledRadioButton__StyledRadioButtonInput-g1f6ld-1 hXzvWT"
                            id="medium"
                            name="size"
                            type="radio"
                            value="medium"
                          />
                          <div
                            class="StyledBox-sc-13pk1d4-0 jRzbax StyledRadioButton__StyledRadioButtonBox-g1f6ld-3 lnEyXE"
                          >
                            <svg
                              class="StyledRadioButton__StyledRadioButtonIcon-g1f6ld-2 qBYCs"
                              preserveAspectRatio="xMidYMid meet"
                              viewBox="0 0 24 24"
                            >
                              <circle
                                cx="12"
                                cy="12"
                                r="6"
                              />
                            </svg>
                          </div>
                        </div>
                        <span>
                          medium
                        </span>
                      </label>
                      <div
                        class="StyledBox__StyledBoxGap-sc-13pk1d4-1 hPsznL"
                      />
                      <label
                        class="StyledBox-sc-13pk1d4-0 hfsUvK StyledRadioButton__StyledRadioButtonContainer-g1f6ld-0 jEXpGU"
                        for="large"
                      >
                        <div
                          class="StyledBox-sc-13pk1d4-0 eCoClD StyledRadioButton-g1f6ld-4 gVogic"
                        >
                          <input
                            class="StyledRadioButton__StyledRadioButtonInput-g1f6ld-1 hXzvWT"
                            id="large"
                            name="size"
                            type="radio"
                            value="large"
                          />
                          <div
                            class="StyledBox-sc-13pk1d4-0 gcozjI StyledRadioButton__StyledRadioButtonBox-g1f6ld-3 lnEyXE"
                          />
                        </div>
                        <span>
                          large
                        </span>
                      </label>
                    </div>
                  </div>
                </div>
              </div>
              <div
                class="StyledBox-sc-13pk1d4-0 lfluzk FormField__FormFieldBox-m9hood-0 eshLKp"
              >
                <label
                  class="StyledText-sc-1sadyjn-0 bKLvLm"
                >
                  Month
                </label>
                <div
                  class="StyledBox-sc-13pk1d4-0 bDrWKZ"
                >
                  <button
                    aria-label="Open Drop"
                    class="StyledButton-sc-323bzc-0 jfbKsv Select__StyledSelectDropButton-sc-17idtfo-1 cvpccN"
                    type="button"
                  >
                    <div
                      class="StyledBox-sc-13pk1d4-0 hFIMGw"
                    >
                      <div
                        class="StyledBox-sc-13pk1d4-0 hxmgAG"
                      >
                        <div
                          class="StyledTextInput__StyledTextInputContainer-sc-1x30a0s-1 kYQCpm"
                        >
                          <input
                            autocomplete="off"
                            class="StyledTextInput-sc-1x30a0s-0 duvNfq Select__SelectTextInput-sc-17idtfo-0 lmyIUy"
                            label="Month"
                            name="month"
                            readonly=""
                            tabindex="-1"
                            type="text"
                            value=""
                          />
                        </div>
                      </div>
                      <div
                        class="StyledBox-sc-13pk1d4-0 bSuKKc"
                        style="min-width: auto;"
                      >
                        <svg
                          aria-label="FormDown"
                          class="StyledIcon-ofa7kd-0 dSllCE"
                          viewBox="0 0 24 24"
                        >
                          <polyline
                            fill="none"
                            points="18 9 12 15 6 9"
                            stroke="#000"
                            stroke-width="2"
                          />
                        </svg>
                      </div>
                    </div>
                  </button>
                </div>
              </div>
              <div
                class="StyledBox-sc-13pk1d4-0 lfluzk FormField__FormFieldBox-m9hood-0 eshLKp"
              >
                <label
                  class="StyledText-sc-1sadyjn-0 bKLvLm"
                >
                  Date
                </label>
                <div
                  class="StyledBox-sc-13pk1d4-0 bDrWKZ"
                >
                  <button
                    aria-label="Open Drop"
                    class="StyledButton-sc-323bzc-0 jfbKsv"
                    name="date"
                    type="button"
                  >
                    <div
                      class="StyledBox-sc-13pk1d4-0 liroKi"
                    >
                      <span
                        class="StyledText-sc-1sadyjn-0 fWSbXS"
                      >
                        Select date
                      </span>
                      <div
                        class="StyledBox__StyledBoxGap-sc-13pk1d4-1 hyyRSo"
                      />
                      <svg
                        aria-label="FormDown"
                        class="StyledIcon-ofa7kd-0 dSllCE"
                        viewBox="0 0 24 24"
                      >
                        <polyline
                          fill="none"
                          points="18 9 12 15 6 9"
                          stroke="#000"
                          stroke-width="2"
                        />
                      </svg>
                    </div>
                  </button>
                </div>
              </div>
              <div
                class="StyledBox-sc-13pk1d4-0 wkxws"
              >
                <button
                  class="StyledButton-sc-323bzc-0 hsEINM"
                  type="submit"
                >
                  Submit
                </button>
                <div
                  class="StyledBox__StyledBoxGap-sc-13pk1d4-1 iChEkS"
                />
                <button
                  class="StyledButton-sc-323bzc-0 eVzWWp"
                  type="button"
                >
                  Cancel
                </button>
              </div>
            </form>
          </div>
        </div>
      </div>
    </div>
  </div>
</div>
`;

exports[`App empty 2`] = `
<div
  class="StyledGrommet-sc-19lkkz7-0 iQFOBe"
>
  <div
    class="StyledGrid-sc-1wofa1l-0 bEbBoV"
  >
    <div
      class="StyledBox-sc-13pk1d4-0 fdAdll"
    >
      <div
        class="StyledBox-sc-13pk1d4-0 hqGUhX"
      >
        <div
          class="StyledBox-sc-13pk1d4-0 gbuKLi"
        >
          <div
            class="StyledBox-sc-13pk1d4-0 hqGUhX"
          >
            <button
              class="StyledButton-sc-323bzc-0 esrnCr"
              title="choose another theme"
              type="button"
            >
              <svg
                aria-label="Apps"
                class="StyledIcon-ofa7kd-0 jAaLrm"
                viewBox="0 0 24 24"
              >
                <path
                  d="M19,5 L21,5 L21,3 L19,3 L19,5 Z M11,5 L13,5 L13,3 L11,3 L11,5 Z M3,5 L5,5 L5,3 L3,3 L3,5 Z M19,13 L21,13 L21,11 L19,11 L19,13 Z M11,13 L13,13 L13,11 L11,11 L11,13 Z M3,13 L5,13 L5,11 L3,11 L3,13 Z M19,21 L21,21 L21,19 L19,19 L19,21 Z M11,21 L13,21 L13,19 L11,19 L11,21 Z M3,21 L5,21 L5,19 L3,19 L3,21 Z"
                  fill="none"
                  stroke="#000"
                  stroke-width="2"
                />
              </svg>
            </button>
          </div>
          <div
            class="StyledBox__StyledBoxGap-sc-13pk1d4-1 iChEkS"
          />
          <div
            class="StyledBox-sc-13pk1d4-0 hqGUhX"
          >
            <button
              class="StyledButton-sc-323bzc-0 esrnCr"
              title="see JSON"
              type="button"
            >
              <svg
                aria-label="Code"
                class="StyledIcon-ofa7kd-0 jAaLrm"
                viewBox="0 0 24 24"
              >
                <path
                  d="M9,22 L15,2 M17,17 L22,12 L17,7 M7,17 L2,12 L7,7"
                  fill="none"
                  stroke="#000"
                  stroke-width="2"
                />
              </svg>
            </button>
          </div>
          <div
            class="StyledBox__StyledBoxGap-sc-13pk1d4-1 iChEkS"
          />
          <div
            class="StyledBox-sc-13pk1d4-0 hqGUhX"
          >
            <button
              class="StyledButton-sc-323bzc-0 esrnCr"
              title="share"
              type="button"
            >
              <svg
                aria-label="Share"
                class="StyledIcon-ofa7kd-0 jAaLrm"
                viewBox="0 0 24 24"
              >
                <path
                  d="M19,13 L19,23 L1,23 L1,5 L1,5 L11,5 M14,1 L23,1 L23,10 M10,14 L22.9999998,1 L10,14 Z"
                  fill="none"
                  stroke="#000"
                  stroke-width="2"
                />
              </svg>
            </button>
          </div>
        </div>
        <div
          class="StyledBox-sc-13pk1d4-0 fWrrBh"
        >
          <div
            class="StyledBox-sc-13pk1d4-0 Uiard"
          >
            <div
              class="StyledBox-sc-13pk1d4-0 kIOAwt"
            >
              <div
                class="StyledBox-sc-13pk1d4-0 dUkghO"
              >
                <label
                  class="StyledText-sc-1sadyjn-0 fWSbXS"
                  for="name"
                >
                  name
                </label>
              </div>
              <div
                class="StyledBox-sc-13pk1d4-0 iLNTNM"
              >
                <div
                  class="StyledTextInput__StyledTextInputContainer-sc-1x30a0s-1 kYQCpm"
                >
                  <input
                    autocomplete="off"
                    class="StyledTextInput-sc-1x30a0s-0 ebFsnl"
                    name="name"
                    style="text-align: right;"
                    value="my theme"
                  />
                </div>
              </div>
            </div>
          </div>
          <div
            class="StyledBox-sc-13pk1d4-0 cqODYy"
          >
            <h2
              class="StyledHeading-sc-1rdh4aw-0 bFZgUK"
            >
              Font
            </h2>
            <span
              class="StyledText-sc-1sadyjn-0 bjNjKg"
            >
              Double quotes use Google fonts. Single quotes prompt for face.
            </span>
          </div>
          <div
            class="StyledBox-sc-13pk1d4-0 Uiard"
          >
            <div
              class="StyledBox-sc-13pk1d4-0 gTzdaX"
            >
              <div
                class="StyledBox-sc-13pk1d4-0 dUkghO"
              >
                <label
                  class="StyledText-sc-1sadyjn-0 fWSbXS"
                  for="family"
                >
                  font family
                </label>
              </div>
              <div
                class="StyledBox-sc-13pk1d4-0 iLNTNM"
              >
                <div
                  class="StyledBox-sc-13pk1d4-0 dMmorK"
                >
                  <div
                    class="StyledTextInput__StyledTextInputContainer-sc-1x30a0s-1 kYQCpm"
                  >
                    <input
                      autocomplete="off"
                      class="StyledTextInput-sc-1x30a0s-0 ebFsnl"
                      id="family"
                      name="family"
                      style="text-align: right;"
                      value="Helvetica"
                    />
                  </div>
                </div>
              </div>
            </div>
          </div>
          <div
            class="StyledBox-sc-13pk1d4-0 Uiard"
          >
            <div
              class="StyledBox-sc-13pk1d4-0 gTzdaX"
            >
              <div
                class="StyledBox-sc-13pk1d4-0 dUkghO"
              >
                <label
                  class="StyledText-sc-1sadyjn-0 fWSbXS"
                  for="headingFamily"
                >
                  heading font family
                </label>
              </div>
              <div
                class="StyledBox-sc-13pk1d4-0 iLNTNM"
              >
                <div
                  class="StyledBox-sc-13pk1d4-0 dMmorK"
                >
                  <div
                    class="StyledTextInput__StyledTextInputContainer-sc-1x30a0s-1 kYQCpm"
                  >
                    <input
                      autocomplete="off"
                      class="StyledTextInput-sc-1x30a0s-0 ebFsnl"
                      id="headingFamily"
                      name="headingFamily"
                      style="text-align: right;"
                      value=""
                    />
                  </div>
                </div>
              </div>
            </div>
          </div>
          <div
            class="StyledBox-sc-13pk1d4-0 cqODYy"
          >
            <h2
              class="StyledHeading-sc-1rdh4aw-0 bFZgUK"
            >
              Sizing
            </h2>
          </div>
          <div
            class="StyledBox-sc-13pk1d4-0 Uiard"
          >
            <div
              class="StyledBox-sc-13pk1d4-0 kIOAwt"
            >
              <div
                class="StyledBox-sc-13pk1d4-0 dUkghO"
              >
                <label
                  class="StyledText-sc-1sadyjn-0 fWSbXS"
                  for="rounding"
                >
                  rounding
                </label>
              </div>
              <div
                class="StyledBox-sc-13pk1d4-0 iLNTNM"
              >
                <div
                  class="StyledBox-sc-13pk1d4-0 hfsUvK"
                >
                  <input
                    class="StyledRangeInput-sc-15st9ck-0 ghNbEw"
                    id="rounding"
                    max="24"
                    min="0"
                    name="rounding"
                    step="2"
                    style="text-align: end;"
                    type="range"
                    value="4"
                  />
                  <div
                    class="StyledBox-sc-13pk1d4-0 gSnkbP"
                  >
                    <div
                      class="StyledMaskedInput__StyledMaskedInputContainer-sc-99vkfa-1 kyyRCm"
                    >
                      <input
                        autocomplete="off"
                        class="StyledMaskedInput-sc-99vkfa-0 hwaIhw"
                        placeholder=""
                        style="text-align: right; width: 48px;"
                        value="4"
                      />
                    </div>
                    <span
                      class="StyledText-sc-1sadyjn-0 fWSbXS"
                    >
                      px
                    </span>
                  </div>
                </div>
              </div>
            </div>
          </div>
          <div
            class="StyledBox-sc-13pk1d4-0 Uiard"
          >
            <div
              class="StyledBox-sc-13pk1d4-0 kIOAwt"
            >
              <div
                class="StyledBox-sc-13pk1d4-0 dUkghO"
              >
                <label
                  class="StyledText-sc-1sadyjn-0 fWSbXS"
                  for="spacing"
                >
                  spacing
                </label>
              </div>
              <div
                class="StyledBox-sc-13pk1d4-0 iLNTNM"
              >
                <div
                  class="StyledBox-sc-13pk1d4-0 hfsUvK"
                >
                  <input
                    class="StyledRangeInput-sc-15st9ck-0 ghNbEw"
                    id="spacing"
                    max="36"
                    min="12"
                    name="spacing"
                    step="4"
                    style="text-align: end;"
                    type="range"
                    value="24"
                  />
                  <div
                    class="StyledBox-sc-13pk1d4-0 gSnkbP"
                  >
                    <div
                      class="StyledMaskedInput__StyledMaskedInputContainer-sc-99vkfa-1 kyyRCm"
                    >
                      <input
                        autocomplete="off"
                        class="StyledMaskedInput-sc-99vkfa-0 hwaIhw"
                        placeholder=""
                        style="text-align: right; width: 48px;"
                        value="24"
                      />
                    </div>
                    <span
                      class="StyledText-sc-1sadyjn-0 fWSbXS"
                    >
                      px
                    </span>
                  </div>
                </div>
              </div>
            </div>
          </div>
          <div
            class="StyledBox-sc-13pk1d4-0 cqODYy"
          >
            <h2
              class="StyledHeading-sc-1rdh4aw-0 bFZgUK"
            >
              Color
            </h2>
          </div>
          <div
            class="StyledBox-sc-13pk1d4-0 Uiard"
          >
            <div
              class="StyledBox-sc-13pk1d4-0 kIOAwt"
            >
              <div
                class="StyledBox-sc-13pk1d4-0 dUkghO"
              >
                <label
                  class="StyledText-sc-1sadyjn-0 fWSbXS"
                  for="brand"
                >
                  brand
                </label>
              </div>
              <div
                class="StyledBox-sc-13pk1d4-0 iLNTNM"
              >
                <div
                  class="StyledBox-sc-13pk1d4-0 hfsUvK"
                >
                  <div
                    class="StyledMaskedInput__StyledMaskedInputContainer-sc-99vkfa-1 kyyRCm"
                  >
                    <input
                      autocomplete="off"
                      class="StyledMaskedInput-sc-99vkfa-0 hwaIhw"
                      name="brand"
                      placeholder="#rrggbb"
                      style="text-align: right;"
                      value="#7D4CDB"
                    />
                  </div>
                  <div
                    class="StyledBox-sc-13pk1d4-0 cIWXfC"
                  />
                </div>
              </div>
            </div>
          </div>
          <div
            class="StyledBox-sc-13pk1d4-0 cqODYy"
          >
            <button
              class="StyledButton-sc-323bzc-0 jfbKsv"
              type="button"
            >
              <div
                class="StyledBox-sc-13pk1d4-0 kNhvKp"
              >
                <span
                  class="StyledText-sc-1sadyjn-0 bnqisW"
                >
                  Colors
                </span>
                <svg
                  aria-label="FormDown"
                  class="StyledIcon-ofa7kd-0 jAaLrm"
                  viewBox="0 0 24 24"
                >
                  <polyline
                    fill="none"
                    points="18 9 12 15 6 9"
                    stroke="#000"
                    stroke-width="2"
                  />
                </svg>
              </div>
            </button>
          </div>
        </div>
      </div>
    </div>
    <div
      class="StyledGrommet-sc-19lkkz7-0 klPsBM"
    >
      <div
        class="StyledBox-sc-13pk1d4-0 RIwim"
      >
        <div
          class="StyledBox-sc-13pk1d4-0 gQolFq"
        >
          <div
            class="StyledBox-sc-13pk1d4-0 iLNTNM"
          >
            <h1
              class="StyledHeading-sc-1rdh4aw-0 kNjLAU"
            >
              my theme
            </h1>
            <div
              class="StyledBox-sc-13pk1d4-0 kANKDK"
            >
              <div
                class="StyledBox-sc-13pk1d4-0 bNIdsb"
              />
              <div
                class="StyledBox-sc-13pk1d4-0 iLNTNM"
              >
                <div
                  class="StyledBox-sc-13pk1d4-0 hZhenb"
                >
                  <div
                    class="StyledBox-sc-13pk1d4-0 DWVhf"
                  />
                  <div
                    class="StyledBox-sc-13pk1d4-0 fwYro"
                  />
                  <div
                    class="StyledBox-sc-13pk1d4-0 jGWBGj"
                  />
                  <div
                    class="StyledBox-sc-13pk1d4-0 kbUpzG"
                  />
                </div>
                <div
                  class="StyledBox-sc-13pk1d4-0 hZhenb"
                >
                  <div
                    class="StyledBox-sc-13pk1d4-0 kGaqWL"
                  />
                  <div
                    class="StyledBox-sc-13pk1d4-0 cNZlPM"
                  />
                  <div
                    class="StyledBox-sc-13pk1d4-0 kxFfmU"
                  />
                  <div
                    class="StyledBox-sc-13pk1d4-0 jiNIxP"
                  />
                </div>
              </div>
            </div>
          </div>
          <div
            class="StyledBox-sc-13pk1d4-0 ekjAwv"
          >
            <div
              class="StyledBox-sc-13pk1d4-0 fWrrBh"
            >
              <div
                class="StyledBox-sc-13pk1d4-0 lbuBrJ"
              />
              <div
                class="StyledBox-sc-13pk1d4-0 gxMXPN"
              />
              <div
                class="StyledBox-sc-13pk1d4-0 jKmnwh"
              />
              <div
                class="StyledBox-sc-13pk1d4-0 dXQCtG"
              />
              <div
                class="StyledBox-sc-13pk1d4-0 xrCz"
              />
              <div
                class="StyledBox-sc-13pk1d4-0 dnFvOm"
              />
              <div
                class="StyledBox-sc-13pk1d4-0 hrIuOw"
              />
              <div
                class="StyledBox-sc-13pk1d4-0 jcWgGc"
              />
            </div>
            <div
              class="StyledBox-sc-13pk1d4-0 fWrrBh"
            >
              <div
                class="StyledBox-sc-13pk1d4-0 bsbfDL"
              />
              <div
                class="StyledBox-sc-13pk1d4-0 kXRZhp"
              />
              <div
                class="StyledBox-sc-13pk1d4-0 jJhcUN"
              />
              <div
                class="StyledBox-sc-13pk1d4-0 iOpvM"
              />
            </div>
          </div>
        </div>
        <div
          class="StyledBox-sc-13pk1d4-0 hqGUhX"
        >
          <div
            class="StyledGrid-sc-1wofa1l-0 wClnR"
          >
            <div
              class="StyledBox-sc-13pk1d4-0 fWrrBh"
            >
              <h2
                class="StyledHeading-sc-1rdh4aw-0 yhirM"
              >
                Heading
              </h2>
              <p
                class="StyledParagraph-tbetod-0 kxFtnQ"
              >
                Paragraph - Lorem ipsum dolor sit amet, consectetur adipiscing elit, sed do eiusmod tempor incididunt ut labore et dolore magna aliqua. 
                <a
                  class="StyledAnchor-sc-1rp7lwl-0 jgeOSx"
                >
                  Anchor
                </a>
                 within.
              </p>
              <span
                class="StyledText-sc-1sadyjn-0 fWSbXS"
              >
                Text
              </span>
              <a
                class="StyledAnchor-sc-1rp7lwl-0 jgeOSx"
              >
                Anchor
              </a>
              <div
                class="StyledBox-sc-13pk1d4-0 fWrrBh"
              >
                <h3
                  class="StyledHeading-sc-1rdh4aw-0 bEZDBb"
                >
                  Chart
                </h3>
                <div
                  class="StyledStack-ajspsk-0 cBSAEZ"
                >
                  <div
                    class="StyledStack__StyledStackLayer-ajspsk-1 ekmpaB"
                  >
                    <div
                      class="StyledBox-sc-13pk1d4-0 lfMSfr"
                    >
                      <div
                        class="StyledBox-sc-13pk1d4-0 dhAlZn"
                      />
                      <div
                        class="StyledBox-sc-13pk1d4-0 dTSDRc"
                      />
                    </div>
                  </div>
                  <div
                    class="StyledStack__StyledStackLayer-ajspsk-1 zZZtW"
                  >
                    <svg
                      class="StyledChart-sc-1nae0gf-0 gecgMB"
                      height="192"
                      preserveAspectRatio="none"
                      viewBox="-12 -12 408 216"
                      width="384"
                    >
                      <g
                        stroke="#6FFFB0"
                        stroke-linecap="round"
                        stroke-linejoin="round"
                        stroke-width="24"
                      >
                        <g
                          fill="none"
                        >
                          <path
                            d="M 0,172.8 L 96,153.6 L 192,48 L 288,115.2 L 384,38.400000000000006"
                          />
                        </g>
                      </g>
                    </svg>
                  </div>
                </div>
              </div>
            </div>
            <div
              class="StyledBox-sc-13pk1d4-0 fWrrBh"
            >
              <div
                class="StyledBox-sc-13pk1d4-0 hFIMGw"
              >
                <h2
                  class="StyledHeading-sc-1rdh4aw-0 yhirM"
                >
                  List
                </h2>
                <button
                  aria-label="Open Menu"
                  class="StyledButton-sc-323bzc-0 jfbKsv"
                  type="button"
                >
                  <div
                    class="StyledBox-sc-13pk1d4-0 dOxYCM"
                  >
                    <span
                      class="StyledText-sc-1sadyjn-0 fWSbXS"
                    >
                      actions
                    </span>
                    <div
                      class="StyledBox__StyledBoxGap-sc-13pk1d4-1 iChEkS"
                    />
                    <svg
                      aria-label="FormDown"
                      class="StyledIcon-ofa7kd-0 dSllCE"
                      viewBox="0 0 24 24"
                    >
                      <polyline
                        fill="none"
                        points="18 9 12 15 6 9"
                        stroke="#000"
                        stroke-width="2"
                      />
                    </svg>
                  </div>
                </button>
              </div>
              <div
                class="StyledBox-sc-13pk1d4-0 fewPWr"
              >
                <div
                  class="StyledTextInput__StyledTextInputContainer-sc-1x30a0s-1 kYQCpm"
                >
                  <input
                    autocomplete="off"
                    class="StyledTextInput-sc-1x30a0s-0 kvYrcH"
                    placeholder="Search"
                    value=""
                  />
                </div>
                <button
                  class="StyledButton-sc-323bzc-0 gOcOoZ"
                  type="button"
                >
                  <svg
                    aria-label="Search"
                    class="StyledIcon-ofa7kd-0 iOkQrb"
                    viewBox="0 0 24 24"
                  >
                    <path
                      d="M15,15 L22,22 L15,15 Z M9.5,17 C13.6421356,17 17,13.6421356 17,9.5 C17,5.35786438 13.6421356,2 9.5,2 C5.35786438,2 2,5.35786438 2,9.5 C2,13.6421356 5.35786438,17 9.5,17 Z"
                      fill="none"
                      stroke="#000"
                      stroke-width="2"
                    />
                  </svg>
                </button>
              </div>
              <div
                class="StyledBox-sc-13pk1d4-0 cuVMSW"
              >
                <span
                  class="StyledText-sc-1sadyjn-0 bnqisW"
                >
                  Angus
                </span>
                <button
                  class="StyledButton-sc-323bzc-0 gOcOoZ"
                  type="button"
                >
                  <svg
                    aria-label="Trash"
                    class="StyledIcon-ofa7kd-0 iOkQrb"
                    viewBox="0 0 24 24"
                  >
                    <path
                      d="M4,5 L20,5 L20,23 L4,23 L4,5 Z M1,5 L23,5 M9,1 L15,1 L15,5 L9,5 L9,1 Z M9,1 L15,1 L15,5 L9,5 L9,1 Z M15,9 L15,19 M9,9 L9,19"
                      fill="none"
                      stroke="#000"
                      stroke-width="2"
                    />
                  </svg>
                </button>
              </div>
              <div
                class="StyledBox-sc-13pk1d4-0 jFAusj"
              >
                <span
                  class="StyledText-sc-1sadyjn-0 bnqisW"
                >
                  Devon
                </span>
                <button
                  class="StyledButton-sc-323bzc-0 gOcOoZ"
                  type="button"
                >
                  <svg
                    aria-label="Trash"
                    class="StyledIcon-ofa7kd-0 iOkQrb"
                    viewBox="0 0 24 24"
                  >
                    <path
                      d="M4,5 L20,5 L20,23 L4,23 L4,5 Z M1,5 L23,5 M9,1 L15,1 L15,5 L9,5 L9,1 Z M9,1 L15,1 L15,5 L9,5 L9,1 Z M15,9 L15,19 M9,9 L9,19"
                      fill="none"
                      stroke="#000"
                      stroke-width="2"
                    />
                  </svg>
                </button>
              </div>
              <div
                class="StyledBox-sc-13pk1d4-0 jFAusj"
              >
                <span
                  class="StyledText-sc-1sadyjn-0 bnqisW"
                >
                  Rupert
                </span>
                <button
                  class="StyledButton-sc-323bzc-0 gOcOoZ"
                  type="button"
                >
                  <svg
                    aria-label="Trash"
                    class="StyledIcon-ofa7kd-0 iOkQrb"
                    viewBox="0 0 24 24"
                  >
                    <path
                      d="M4,5 L20,5 L20,23 L4,23 L4,5 Z M1,5 L23,5 M9,1 L15,1 L15,5 L9,5 L9,1 Z M9,1 L15,1 L15,5 L9,5 L9,1 Z M15,9 L15,19 M9,9 L9,19"
                      fill="none"
                      stroke="#000"
                      stroke-width="2"
                    />
                  </svg>
                </button>
              </div>
            </div>
            <form>
              <h2
                class="StyledHeading-sc-1rdh4aw-0 yhirM"
              >
                Form
              </h2>
              <div
                class="StyledBox-sc-13pk1d4-0 lfluzk FormField__FormFieldBox-m9hood-0 eshLKp"
              >
                <label
                  class="StyledText-sc-1sadyjn-0 bKLvLm"
                >
                  Name
                </label>
                <div
                  class="StyledBox-sc-13pk1d4-0 bDrWKZ"
                >
                  <div
                    class="StyledTextInput__StyledTextInputContainer-sc-1x30a0s-1 kYQCpm"
                  >
                    <input
                      autocomplete="off"
                      class="StyledTextInput-sc-1x30a0s-0 duvNfq"
                      label="Name"
                      name="name"
                      value=""
                    />
                  </div>
                </div>
              </div>
              <div
                class="StyledBox-sc-13pk1d4-0 lfluzk FormField__FormFieldBox-m9hood-0 eshLKp"
              >
                <div
                  class="StyledBox-sc-13pk1d4-0 bDrWKZ"
                >
                  <div
                    class="StyledBox-sc-13pk1d4-0 kokMhX"
                  >
                    <label
                      class="StyledCheckBox__StyledCheckBoxContainer-sc-1dbk5ju-1 bVmNDQ"
                    >
                      <span>
                        Local
                      </span>
                      <div
                        class="StyledBox-sc-13pk1d4-0 iybiSj StyledCheckBox-sc-1dbk5ju-6 jXdLin"
                      >
                        <input
                          checked=""
                          class="StyledCheckBox__StyledCheckBoxInput-sc-1dbk5ju-2 dmEAHg"
                          name="local"
                          type="checkbox"
                        />
                        <div
                          class="StyledBox-sc-13pk1d4-0 bKtqYb StyledCheckBox__StyledCheckBoxBox-sc-1dbk5ju-3 fxKnpz"
                        >
                          <svg
                            class="StyledCheckBox__StyledCheckBoxIcon-sc-1dbk5ju-0 excGvx"
                            preserveAspectRatio="xMidYMid meet"
                            viewBox="0 0 24 24"
                          >
                            <path
                              d="M6,11.3 L10.3,16 L18,6.2"
                              fill="none"
                            />
                          </svg>
                        </div>
                      </div>
                    </label>
                  </div>
                </div>
              </div>
              <div
                class="StyledBox-sc-13pk1d4-0 lfluzk FormField__FormFieldBox-m9hood-0 eshLKp"
              >
                <label
                  class="StyledText-sc-1sadyjn-0 bKLvLm"
                >
                  Size
                </label>
                <div
                  class="StyledBox-sc-13pk1d4-0 bDrWKZ"
                >
                  <div
                    class="StyledBox-sc-13pk1d4-0 kokMhX"
                  >
                    <div
                      class="StyledBox-sc-13pk1d4-0 SvgEa"
                      label="Size"
                      value="medium"
                    >
                      <label
                        class="StyledBox-sc-13pk1d4-0 hfsUvK StyledRadioButton__StyledRadioButtonContainer-g1f6ld-0 jEXpGU"
                        for="small"
                      >
                        <div
                          class="StyledBox-sc-13pk1d4-0 eCoClD StyledRadioButton-g1f6ld-4 gVogic"
                        >
                          <input
                            class="StyledRadioButton__StyledRadioButtonInput-g1f6ld-1 hXzvWT"
                            id="small"
                            name="size"
                            type="radio"
                            value="small"
                          />
                          <div
                            class="StyledBox-sc-13pk1d4-0 gcozjI StyledRadioButton__StyledRadioButtonBox-g1f6ld-3 lnEyXE"
                          />
                        </div>
                        <span>
                          small
                        </span>
                      </label>
                      <div
                        class="StyledBox__StyledBoxGap-sc-13pk1d4-1 hPsznL"
                      />
                      <label
                        class="StyledBox-sc-13pk1d4-0 hfsUvK StyledRadioButton__StyledRadioButtonContainer-g1f6ld-0 jEXpGU"
                        for="medium"
                      >
                        <div
                          class="StyledBox-sc-13pk1d4-0 eCoClD StyledRadioButton-g1f6ld-4 gVogic"
                        >
                          <input
                            checked=""
                            class="StyledRadioButton__StyledRadioButtonInput-g1f6ld-1 hXzvWT"
                            id="medium"
                            name="size"
                            type="radio"
                            value="medium"
                          />
                          <div
                            class="StyledBox-sc-13pk1d4-0 jRzbax StyledRadioButton__StyledRadioButtonBox-g1f6ld-3 lnEyXE"
                          >
                            <svg
                              class="StyledRadioButton__StyledRadioButtonIcon-g1f6ld-2 qBYCs"
                              preserveAspectRatio="xMidYMid meet"
                              viewBox="0 0 24 24"
                            >
                              <circle
                                cx="12"
                                cy="12"
                                r="6"
                              />
                            </svg>
                          </div>
                        </div>
                        <span>
                          medium
                        </span>
                      </label>
                      <div
                        class="StyledBox__StyledBoxGap-sc-13pk1d4-1 hPsznL"
                      />
                      <label
                        class="StyledBox-sc-13pk1d4-0 hfsUvK StyledRadioButton__StyledRadioButtonContainer-g1f6ld-0 jEXpGU"
                        for="large"
                      >
                        <div
                          class="StyledBox-sc-13pk1d4-0 eCoClD StyledRadioButton-g1f6ld-4 gVogic"
                        >
                          <input
                            class="StyledRadioButton__StyledRadioButtonInput-g1f6ld-1 hXzvWT"
                            id="large"
                            name="size"
                            type="radio"
                            value="large"
                          />
                          <div
                            class="StyledBox-sc-13pk1d4-0 gcozjI StyledRadioButton__StyledRadioButtonBox-g1f6ld-3 lnEyXE"
                          />
                        </div>
                        <span>
                          large
                        </span>
                      </label>
                    </div>
                  </div>
                </div>
              </div>
              <div
                class="StyledBox-sc-13pk1d4-0 lfluzk FormField__FormFieldBox-m9hood-0 eshLKp"
              >
                <label
                  class="StyledText-sc-1sadyjn-0 bKLvLm"
                >
                  Month
                </label>
                <div
                  class="StyledBox-sc-13pk1d4-0 bDrWKZ"
                >
                  <button
                    aria-label="Open Drop"
                    class="StyledButton-sc-323bzc-0 jfbKsv Select__StyledSelectDropButton-sc-17idtfo-1 cvpccN"
                    type="button"
                  >
                    <div
                      class="StyledBox-sc-13pk1d4-0 hFIMGw"
                    >
                      <div
                        class="StyledBox-sc-13pk1d4-0 hxmgAG"
                      >
                        <div
                          class="StyledTextInput__StyledTextInputContainer-sc-1x30a0s-1 kYQCpm"
                        >
                          <input
                            autocomplete="off"
                            class="StyledTextInput-sc-1x30a0s-0 duvNfq Select__SelectTextInput-sc-17idtfo-0 lmyIUy"
                            label="Month"
                            name="month"
                            readonly=""
                            tabindex="-1"
                            type="text"
                            value=""
                          />
                        </div>
                      </div>
                      <div
                        class="StyledBox-sc-13pk1d4-0 bSuKKc"
                        style="min-width: auto;"
                      >
                        <svg
                          aria-label="FormDown"
                          class="StyledIcon-ofa7kd-0 dSllCE"
                          viewBox="0 0 24 24"
                        >
                          <polyline
                            fill="none"
                            points="18 9 12 15 6 9"
                            stroke="#000"
                            stroke-width="2"
                          />
                        </svg>
                      </div>
                    </div>
                  </button>
                </div>
              </div>
              <div
                class="StyledBox-sc-13pk1d4-0 lfluzk FormField__FormFieldBox-m9hood-0 eshLKp"
              >
                <label
                  class="StyledText-sc-1sadyjn-0 bKLvLm"
                >
                  Date
                </label>
                <div
                  class="StyledBox-sc-13pk1d4-0 bDrWKZ"
                >
                  <button
                    aria-label="Open Drop"
                    class="StyledButton-sc-323bzc-0 jfbKsv"
                    name="date"
                    type="button"
                  >
                    <div
                      class="StyledBox-sc-13pk1d4-0 liroKi"
                    >
                      <span
                        class="StyledText-sc-1sadyjn-0 fWSbXS"
                      >
                        Select date
                      </span>
                      <div
                        class="StyledBox__StyledBoxGap-sc-13pk1d4-1 hyyRSo"
                      />
                      <svg
                        aria-label="FormDown"
                        class="StyledIcon-ofa7kd-0 dSllCE"
                        viewBox="0 0 24 24"
                      >
                        <polyline
                          fill="none"
                          points="18 9 12 15 6 9"
                          stroke="#000"
                          stroke-width="2"
                        />
                      </svg>
                    </div>
                  </button>
                </div>
              </div>
              <div
                class="StyledBox-sc-13pk1d4-0 wkxws"
              >
                <button
                  class="StyledButton-sc-323bzc-0 hsEINM"
                  type="submit"
                >
                  Submit
                </button>
                <div
                  class="StyledBox__StyledBoxGap-sc-13pk1d4-1 iChEkS"
                />
                <button
                  class="StyledButton-sc-323bzc-0 eVzWWp"
                  type="button"
                >
                  Cancel
                </button>
              </div>
            </form>
          </div>
        </div>
      </div>
    </div>
  </div>
</div>
`;
